Watching for file changes with StatReloader
❌ Form errors: <ul class="errorlist"><li>status<ul class="errorlist"><li>Обязательное поле.</li></ul></li></ul>
❌ Formset errors: [{}, {}, {'order': ['Обязательное поле.']}, {'order': ['Обязательное поле.']}, {'order': ['Обязательное поле.']}, {'order': ['Обязательное поле.']}, {'order': ['Обязательное поле.']}, {'order': ['Обязательное поле.']}, {'order': ['Обязательное поле.']}, {'order': ['Обязательное поле.']}, {'order': ['Обязательное поле.']}, {'order': ['Обязательное поле.']}, {'order': ['Обязательное поле.']}, {'order': ['Обязательное поле.']}, {'order': ['Обязательное поле.']}]
❌ Form errors: <ul class="errorlist"><li>status<ul class="errorlist"><li>Обязательное поле.</li></ul></li></ul>
❌ Formset errors: [{}, {}, {}, {}, {}, {}, {}, {}, {}, {}, {}, {}, {}, {}, {}]
❌ Form errors: <ul class="errorlist"><li>status<ul class="errorlist"><li>Обязательное поле.</li></ul></li></ul>
❌ Form errors: <ul class="errorlist"><li>status<ul class="errorlist"><li>Обязательное поле.</li></ul></li></ul>
/app/acts/forms.py changed, reloading.
Watching for file changes with StatReloader
/app/acts/forms.py changed, reloading.
Watching for file changes with StatReloader
/app/acts/forms.py changed, reloading.
Watching for file changes with StatReloader
[AUDIT] admin → update ActInput#0d1ad35b-a435-48dd-9456-99a2fde983ba | None
📥 Генерация pdf для акта 123-КС
   Работа 1: 4343 | Кол-во: 5.000 | Цена: 3.00
   Работа 2: gf | Кол-во: 5.000 | Цена: 6.00
   Работа 3: fg | Кол-во: 4.000 | Цена: 6.00
   Работа 4: d | Кол-во: 5.000 | Цена: 6.00
   Работа 5: fg | Кол-во: 6.000 | Цена: 7.00
   Работа 6: zfg | Кол-во: 4.000 | Цена: 2.00
   Работа 7: zfg | Кол-во: 7.000 | Цена: 5.00
   Работа 8: zfdg | Кол-во: 6.000 | Цена: 7.00
   Работа 9: zfg | Кол-во: 5.000 | Цена: 4.00
   Работа 10: dfgd | Кол-во: 2.000 | Цена: 2.00
   Работа 11: dfgfd | Кол-во: 2.000 | Цена: 2.00
   Работа 12: gfdgf | Кол-во: 2.000 | Цена: 2.00
   Работа 13: dzfg | Кол-во: 2.000 | Цена: 2.00
   Работа 14: dfzg | Кол-во: 2.000 | Цена: 2.00
 Сценарий 2: Работы переносятся на 2-ю страницу
 PDF сохранён: /app/media/output/tmp41x3ra34.pdf
 Заполнено работ: 14
❌ Formset errors: [{}, {}, {}, {}, {}, {}, {}, {}, {}, {}, {}, {}, {}, {}, {'order': ['Обязательное поле.']}]
📥 Генерация pdf для акта 123-КС
   Работа 1: 4343 | Кол-во: 5.000 | Цена: 3.00
   Работа 2: gf | Кол-во: 5.000 | Цена: 6.00
   Работа 3: fg | Кол-во: 4.000 | Цена: 6.00
   Работа 4: d | Кол-во: 5.000 | Цена: 6.00
   Работа 5: fg | Кол-во: 6.000 | Цена: 7.00
   Работа 6: zfg | Кол-во: 4.000 | Цена: 2.00
   Работа 7: zfg | Кол-во: 7.000 | Цена: 5.00
   Работа 8: zfdg | Кол-во: 6.000 | Цена: 7.00
   Работа 9: zfg | Кол-во: 5.000 | Цена: 4.00
   Работа 10: dfgd | Кол-во: 2.000 | Цена: 2.00
   Работа 11: dfgfd | Кол-во: 2.000 | Цена: 2.00
   Работа 12: gfdgf | Кол-во: 2.000 | Цена: 2.00
   Работа 13: dzfg | Кол-во: 2.000 | Цена: 2.00
   Работа 14: dfzg | Кол-во: 2.000 | Цена: 2.00
 Сценарий 2: Работы переносятся на 2-ю страницу
 PDF сохранён: /app/media/output/tmpwk_wbwez.pdf
 Заполнено работ: 14
[AUDIT] admin → update ActInput#0d1ad35b-a435-48dd-9456-99a2fde983ba | None
📥 Генерация pdf для акта 123-КС
   Работа 1: 4343 | Кол-во: 5.000 | Цена: 3.00
   Работа 2: gf | Кол-во: 5.000 | Цена: 6.00
   Работа 3: fg | Кол-во: 4.000 | Цена: 6.00
   Работа 4: d | Кол-во: 5.000 | Цена: 6.00
 Сценарий 1: Все работы на 1-й странице
 PDF сохранён: /app/media/output/tmpqbr50hi2.pdf
 Заполнено работ: 4
❌ Formset errors: [{}, {}, {}, {}, {}, {'name': ['Обязательное поле.'], 'order': ['Обязательное поле.']}]
/app/acts/utils/ks2_gen.py changed, reloading.
Watching for file changes with StatReloader
❌ Formset errors: [{}, {}, {}, {}, {}, {'order': ['Обязательное поле.']}, {'order': ['Обязательное поле.']}]
[AUDIT] admin → update ActInput#0d1ad35b-a435-48dd-9456-99a2fde983ba | None
📥 Генерация pdf для акта 123-КС
   Работа 1: 4343 | Кол-во: 5.000 | Цена: 3.00
   Работа 2: gf | Кол-во: 5.000 | Цена: 6.00
   Работа 3: fg | Кол-во: 4.000 | Цена: 6.00
   Работа 4: d | Кол-во: 5.000 | Цена: 6.00
   Работа 5: hghg | Кол-во: 5.000 | Цена: 6.00
   Работа 6: gdfg | Кол-во: 4.000 | Цена: 7.00
   Работа 7: dfgg | Кол-во: 3.000 | Цена: 7.00
 Сценарий 2: Работы переносятся на 2-ю страницу
 PDF сохранён: /app/media/output/tmplzrbcsvl.pdf
 Заполнено работ: 7
[AUDIT] admin → update ActInput#0d1ad35b-a435-48dd-9456-99a2fde983ba | None
📥 Генерация pdf для акта 123-КС
   Работа 1: 4343 | Кол-во: 5.000 | Цена: 3.00
   Работа 2: gf | Кол-во: 5.000 | Цена: 6.00
   Работа 3: fg | Кол-во: 4.000 | Цена: 6.00
   Работа 4: d | Кол-во: 5.000 | Цена: 6.00
   Работа 5: hghg | Кол-во: 5.000 | Цена: 6.00
   Работа 6: gdfg | Кол-во: 4.000 | Цена: 7.00
   Работа 7: dfgg | Кол-во: 3.000 | Цена: 7.00
 Сценарий 2: Работы переносятся на 2-ю страницу
 PDF сохранён: /app/media/output/tmpdftyz67u.pdf
 Заполнено работ: 7
/app/acts/forms.py changed, reloading.
Watching for file changes with StatReloader
/app/acts/forms.py changed, reloading.
Watching for file changes with StatReloader
/app/acts/forms.py changed, reloading.
Watching for file changes with StatReloader
/app/acts/forms.py changed, reloading.
Watching for file changes with StatReloader
/app/acts/forms.py changed, reloading.
Watching for file changes with StatReloader
/app/acts/forms.py changed, reloading.
Watching for file changes with StatReloader
/app/acts/forms.py changed, reloading.
Watching for file changes with StatReloader
/app/acts/forms.py changed, reloading.
Watching for file changes with StatReloader
❌ Form errors: <ul class="errorlist"><li>__all__<ul class="errorlist nonfield"><li>❌ Дата окончания периода должна быть позже даты начала.</li></ul></li></ul>
❌ Form errors: <ul class="errorlist"><li>__all__<ul class="errorlist nonfield"><li>❌ Дата окончания периода должна быть позже даты начала.</li></ul></li></ul>
/app/mo69_app/settings.py changed, reloading.
Watching for file changes with StatReloader
❌ Form errors: <ul class="errorlist"><li>__all__<ul class="errorlist nonfield"><li>❌ Дата окончания периода должна быть позже даты начала.</li></ul></li></ul>
/app/mo69_app/settings.py changed, reloading.
Watching for file changes with StatReloader
/app/mo69_app/settings.py changed, reloading.
Watching for file changes with StatReloader
/app/mo69_app/settings.py changed, reloading.
Watching for file changes with StatReloader
Watching for file changes with StatReloader
Watching for file changes with StatReloader
Not Found: /favicon.ico
Watching for file changes with StatReloader
[AUDIT] admin → create ActInput#04856b4e-7c13-46f3-987a-535494f3bc49 | {'type': 'ks2'}
📥 Генерация pdf для акта р
   Работа 1: Заливка фундамента | Кол-во: 3000.000 | Цена: 100.00
   Работа 2: Монтаж стеновых конструкций | Кол-во: 10000.000 | Цена: 100.00
   Работа 3: Разработка котлована | Кол-во: 1000.000 | Цена: 100.00
   Работа 4: Асфальтирование территории | Кол-во: 6000.000 | Цена: 100.00
 Сценарий 1: Все работы на 1-й странице
 PDF сохранён: /app/media/output/tmpbyjrnas1.pdf
 Заполнено работ: 4
📥 Генерация pdf для акта р
   Работа 1: Заливка фундамента | Кол-во: 3000.000 | Цена: 100.00
   Работа 2: Монтаж стеновых конструкций | Кол-во: 10000.000 | Цена: 100.00
   Работа 3: Разработка котлована | Кол-во: 1000.000 | Цена: 100.00
   Работа 4: Асфальтирование территории | Кол-во: 6000.000 | Цена: 100.00
 Сценарий 1: Все работы на 1-й странице
 PDF сохранён: /app/media/output/tmp_3vv_ani.pdf
 Заполнено работ: 4
Watching for file changes with StatReloader
Watching for file changes with StatReloader
/app/acts/utils/ks6a_import.py changed, reloading.
Watching for file changes with StatReloader
/app/acts/utils/ks6a_import.py changed, reloading.
Watching for file changes with StatReloader
/app/acts/utils/ks6a_import.py changed, reloading.
Watching for file changes with StatReloader
/app/acts/views.py changed, reloading.
Watching for file changes with StatReloader
/app/acts/forms.py changed, reloading.
Watching for file changes with StatReloader
/app/acts/forms.py changed, reloading.
Watching for file changes with StatReloader
/app/acts/views.py changed, reloading.
Watching for file changes with StatReloader
/app/acts/views.py changed, reloading.
Watching for file changes with StatReloader
/app/acts/views.py changed, reloading.
Watching for file changes with StatReloader
/app/acts/utils/ks3_gen.py changed, reloading.
Watching for file changes with StatReloader
/app/acts/utils/ks3_gen.py changed, reloading.
Watching for file changes with StatReloader
/app/acts/utils/ks3_gen.py changed, reloading.
Watching for file changes with StatReloader
Watching for file changes with StatReloader
📥 Генерация pdf для акта 123
   Работа 1: Заливка фундамента | Кол-во: 3000.000 | Цена: 100.00
   Работа 2: Монтаж стеновых конструкций | Кол-во: 10000.000 | Цена: 100.00
   Работа 3: Разработка котлована | Кол-во: 1000.000 | Цена: 100.00
   Работа 4: Асфальтирование территории | Кол-во: 6000.000 | Цена: 100.00
 Сценарий 1: Все работы на 1-й странице
 PDF сохранён: /app/media/output/tmphrdatp2a.pdf
 Заполнено работ: 4
❌ Formset errors: [{}, {}, {}, {}, {}, {}, {'name': ['Обязательное поле.'], 'order': ['Обязательное поле.']}]
[AUDIT] admin → update ActInput#78b4db7a-50cd-4700-bea2-87550b60c621 | None
📥 Генерация pdf для акта 123
   Работа 1: Заливка фундамента | Кол-во: 3000.000 | Цена: 100.00
   Работа 2: Монтаж стеновых конструкций | Кол-во: 10000.000 | Цена: 100.00
   Работа 3: Разработка котлована | Кол-во: 1000.000 | Цена: 100.00
   Работа 4: Асфальтирование территории | Кол-во: 6000.000 | Цена: 100.00
   Работа 5: Асфальтирование территории | Кол-во: 6000.000 | Цена: 100.00
   Работа 6: Асфальтирование территории | Кол-во: 6000.000 | Цена: 100.00
 Сценарий 1: Все работы на 1-й странице
 PDF сохранён: /app/media/output/tmpfvyxck_3.pdf
 Заполнено работ: 6
[AUDIT] admin → update ActInput#78b4db7a-50cd-4700-bea2-87550b60c621 | None
📥 Генерация pdf для акта 123
   Работа 1: Заливка фундамента | Кол-во: 3000.000 | Цена: 100.00
   Работа 2: Асфальтирование территории | Кол-во: 6000.000 | Цена: 100.00
   Работа 3: Монтаж стеновых конструкций | Кол-во: 10000.000 | Цена: 100.00
   Работа 4: Разработка котлована | Кол-во: 1000.000 | Цена: 100.00
   Работа 5: Асфальтирование территории | Кол-во: 6000.000 | Цена: 100.00
   Работа 6: Асфальтирование территории | Кол-во: 6000.000 | Цена: 100.00
   Работа 7: Асфальтирование территории | Кол-во: 6000.000 | Цена: 100.00
 Сценарий 2: до 31 работы, 2 страницы, итоги к последней работе на 2-й
 PDF сохранён: /app/media/output/tmpxt6rxjll.pdf
 Заполнено работ: 7
❌ Formset errors: [{}, {}, {}, {}, {}, {}, {}, {}, {'order': ['Обязательное поле.']}, {'order': ['Обязательное поле.']}, {'order': ['Обязательное поле.']}, {'order': ['Обязательное поле.']}, {'order': ['Обязательное поле.']}, {'order': ['Обязательное поле.']}, {'order': ['Обязательное поле.']}, {'name': ['Обязательное поле.'], 'order': ['Обязательное поле.']}, {'name': ['Обязательное поле.'], 'order': ['Обязательное поле.']}]
[AUDIT] admin → update ActInput#78b4db7a-50cd-4700-bea2-87550b60c621 | None
📥 Генерация pdf для акта 123
   Работа 1: Заливка фундамента | Кол-во: 3000.000 | Цена: 100.00
   Работа 2: Асфальтирование территории | Кол-во: 6000.000 | Цена: 100.00
   Работа 3: Асфальтирование территории | Кол-во: 4.000 | Цена: 4.00
   Работа 4: Асфальтирование территории | Кол-во: 4.000 | Цена: 4.00
   Работа 5: Асфальтирование территории | Кол-во: 4.000 | Цена: 4.00
   Работа 6: Асфальтирование территории | Кол-во: 4.000 | Цена: 4.00
   Работа 7: Асфальтирование территории | Кол-во: 4.000 | Цена: 4.00
   Работа 8: Асфальтирование территории | Кол-во: 4.000 | Цена: 4.00
   Работа 9: Асфальтирование территории | Кол-во: 4.000 | Цена: 4.00
   Работа 10: Асфальтирование территории | Кол-во: 4.000 | Цена: 4.00
   Работа 11: Монтаж стеновых конструкций | Кол-во: 10000.000 | Цена: 100.00
   Работа 12: Разработка котлована | Кол-во: 1000.000 | Цена: 100.00
   Работа 13: Асфальтирование территории | Кол-во: 6000.000 | Цена: 100.00
   Работа 14: Асфальтирование территории | Кол-во: 6000.000 | Цена: 100.00
   Работа 15: Асфальтирование территории | Кол-во: 6000.000 | Цена: 100.00
 Сценарий 2: до 31 работы, 2 страницы, итоги к последней работе на 2-й
 PDF сохранён: /app/media/output/tmp_3_s977m.pdf
 Заполнено работ: 15
❌ Formset errors: [{}, {}, {}, {}, {}, {}, {}, {}, {}, {}, {}, {}, {}, {}, {}, {'order': ['Обязательное поле.']}]
❌ Formset errors: [{}, {}, {}, {}, {}, {}, {}, {}, {}, {}, {}, {}, {}, {}, {}, {}]
❌ Formset errors: [{}, {}, {}, {}, {}, {}, {}, {}, {}, {}, {}, {}, {}, {}, {}, {}]
[AUDIT] admin → update ActInput#78b4db7a-50cd-4700-bea2-87550b60c621 | None
📥 Генерация pdf для акта 123
   Работа 1: Заливка фундамента | Кол-во: 3000.000 | Цена: 100.00
   Работа 2: Монтаж стеновых конструкций | Кол-во: 10000.000 | Цена: 100.00
   Работа 3: Разработка котлована | Кол-во: 1000.000 | Цена: 100.00
   Работа 4: Асфальтирование территории | Кол-во: 6000.000 | Цена: 100.00
   Работа 5: Асфальтирование территории | Кол-во: 6000.000 | Цена: 100.00
   Работа 6: Асфальтирование территории | Кол-во: 6000.000 | Цена: 100.00
   Работа 7: Асфальтирование территории | Кол-во: 6000.000 | Цена: 100.00
   Работа 8: Асфальтирование территории | Кол-во: 4.000 | Цена: 4.00
   Работа 9: Асфальтирование территории | Кол-во: 4.000 | Цена: 4.00
   Работа 10: Асфальтирование территории | Кол-во: 4.000 | Цена: 4.00
   Работа 11: Асфальтирование территории | Кол-во: 4.000 | Цена: 4.00
   Работа 12: Асфальтирование территории | Кол-во: 4.000 | Цена: 4.00
   Работа 13: Асфальтирование территории | Кол-во: 4.000 | Цена: 4.00
   Работа 14: Асфальтирование территории | Кол-во: 4.000 | Цена: 4.00
   Работа 15: Асфальтирование территории | Кол-во: 4.000 | Цена: 4.00
 Сценарий 2: до 31 работы, 2 страницы, итоги к последней работе на 2-й
 PDF сохранён: /app/media/output/tmpm8lmc_vr.pdf
 Заполнено работ: 15
/app/acts/constants.py changed, reloading.
Watching for file changes with StatReloader
[AUDIT] admin → create ActInput#5701ba97-d9a5-44b0-94d7-bbe6877790b3 | {'type': 'ks2'}
📥 Генерация pdf для акта 2
   Работа 1: Заливка фундамента | Кол-во: 3000.000 | Цена: 100.00
   Работа 2: Монтаж стеновых конструкций | Кол-во: 10000.000 | Цена: 100.00
   Работа 3: Разработка котлована | Кол-во: 1000.000 | Цена: 100.00
   Работа 4: Асфальтирование территории | Кол-во: 6000.000 | Цена: 100.00
   Работа 5: Заливка фундамента | Кол-во: 3000.000 | Цена: 100.00
   Работа 6: Монтаж стеновых конструкций | Кол-во: 10000.000 | Цена: 100.00
   Работа 7: Разработка котлована | Кол-во: 1000.000 | Цена: 100.00
   Работа 8: Асфальтирование территории | Кол-во: 6000.000 | Цена: 100.00
   Работа 9: Заливка фундамента | Кол-во: 3000.000 | Цена: 100.00
   Работа 10: Монтаж стеновых конструкций | Кол-во: 10000.000 | Цена: 100.00
   Работа 11: Разработка котлована | Кол-во: 1000.000 | Цена: 100.00
   Работа 12: Асфальтирование территории | Кол-во: 6000.000 | Цена: 100.00
   Работа 13: Заливка фундамента | Кол-во: 3000.000 | Цена: 100.00
   Работа 14: Монтаж стеновых конструкций | Кол-во: 10000.000 | Цена: 100.00
   Работа 15: Разработка котлована | Кол-во: 1000.000 | Цена: 100.00
   Работа 16: Асфальтирование территории | Кол-во: 6000.000 | Цена: 100.00
   Работа 17: Разработка котлована | Кол-во: 1000.000 | Цена: 100.00
   Работа 18: Асфальтирование территории | Кол-во: 6000.000 | Цена: 100.00
 Сценарий 2: до 31 работы, 2 страницы, итоги к последней работе на 2-й
 PDF сохранён: /app/media/output/tmp03xfxv5j.pdf
 Заполнено работ: 18
📥 Генерация pdf для акта 2
   Работа 1: Заливка фундамента | Кол-во: 3000.000 | Цена: 100.00
   Работа 2: Монтаж стеновых конструкций | Кол-во: 10000.000 | Цена: 100.00
   Работа 3: Разработка котлована | Кол-во: 1000.000 | Цена: 100.00
   Работа 4: Асфальтирование территории | Кол-во: 6000.000 | Цена: 100.00
   Работа 5: Заливка фундамента | Кол-во: 3000.000 | Цена: 100.00
   Работа 6: Монтаж стеновых конструкций | Кол-во: 10000.000 | Цена: 100.00
   Работа 7: Разработка котлована | Кол-во: 1000.000 | Цена: 100.00
   Работа 8: Асфальтирование территории | Кол-во: 6000.000 | Цена: 100.00
   Работа 9: Заливка фундамента | Кол-во: 3000.000 | Цена: 100.00
   Работа 10: Монтаж стеновых конструкций | Кол-во: 10000.000 | Цена: 100.00
   Работа 11: Разработка котлована | Кол-во: 1000.000 | Цена: 100.00
   Работа 12: Асфальтирование территории | Кол-во: 6000.000 | Цена: 100.00
   Работа 13: Заливка фундамента | Кол-во: 3000.000 | Цена: 100.00
   Работа 14: Монтаж стеновых конструкций | Кол-во: 10000.000 | Цена: 100.00
   Работа 15: Разработка котлована | Кол-во: 1000.000 | Цена: 100.00
   Работа 16: Асфальтирование территории | Кол-во: 6000.000 | Цена: 100.00
   Работа 17: Разработка котлована | Кол-во: 1000.000 | Цена: 100.00
   Работа 18: Асфальтирование территории | Кол-во: 6000.000 | Цена: 100.00
 Сценарий 2: до 31 работы, 2 страницы, итоги к последней работе на 2-й
 PDF сохранён: /app/media/output/tmp1om33q6t.pdf
 Заполнено работ: 18
📥 Генерация pdf для акта 2
   Работа 1: Заливка фундамента | Кол-во: 3000.000 | Цена: 100.00
   Работа 2: Монтаж стеновых конструкций | Кол-во: 10000.000 | Цена: 100.00
   Работа 3: Разработка котлована | Кол-во: 1000.000 | Цена: 100.00
   Работа 4: Асфальтирование территории | Кол-во: 6000.000 | Цена: 100.00
   Работа 5: Заливка фундамента | Кол-во: 3000.000 | Цена: 100.00
   Работа 6: Монтаж стеновых конструкций | Кол-во: 10000.000 | Цена: 100.00
   Работа 7: Разработка котлована | Кол-во: 1000.000 | Цена: 100.00
   Работа 8: Асфальтирование территории | Кол-во: 6000.000 | Цена: 100.00
   Работа 9: Заливка фундамента | Кол-во: 3000.000 | Цена: 100.00
   Работа 10: Монтаж стеновых конструкций | Кол-во: 10000.000 | Цена: 100.00
   Работа 11: Разработка котлована | Кол-во: 1000.000 | Цена: 100.00
   Работа 12: Асфальтирование территории | Кол-во: 6000.000 | Цена: 100.00
   Работа 13: Заливка фундамента | Кол-во: 3000.000 | Цена: 100.00
   Работа 14: Монтаж стеновых конструкций | Кол-во: 10000.000 | Цена: 100.00
   Работа 15: Разработка котлована | Кол-во: 1000.000 | Цена: 100.00
   Работа 16: Асфальтирование территории | Кол-во: 6000.000 | Цена: 100.00
   Работа 17: Разработка котлована | Кол-во: 1000.000 | Цена: 100.00
   Работа 18: Асфальтирование территории | Кол-во: 6000.000 | Цена: 100.00
 Сценарий 2: до 31 работы, 2 страницы, итоги к последней работе на 2-й
 PDF сохранён: /app/media/output/tmpkthm_79y.pdf
 Заполнено работ: 18
/app/acts/utils/ks2_gen.py changed, reloading.
Watching for file changes with StatReloader
/app/acts/utils/ks2_gen.py changed, reloading.
Watching for file changes with StatReloader
/app/acts/constants.py changed, reloading.
Watching for file changes with StatReloader
/app/acts/utils/ks2_gen.py changed, reloading.
Watching for file changes with StatReloader
/app/acts/utils/ks2_gen.py changed, reloading.
Watching for file changes with StatReloader
/app/acts/utils/ks2_gen.py changed, reloading.
Watching for file changes with StatReloader
/app/acts/utils/ks2_gen.py changed, reloading.
Watching for file changes with StatReloader
/app/acts/utils/ks2_gen.py changed, reloading.
Watching for file changes with StatReloader
📥 Генерация pdf для акта 2
   Работа 1: Заливка фундамента | Кол-во: 3000.000 | Цена: 100.00
   Работа 2: Монтаж стеновых конструкций | Кол-во: 10000.000 | Цена: 100.00
   Работа 3: Разработка котлована | Кол-во: 1000.000 | Цена: 100.00
   Работа 4: Асфальтирование территории | Кол-во: 6000.000 | Цена: 100.00
   Работа 5: Заливка фундамента | Кол-во: 3000.000 | Цена: 100.00
   Работа 6: Монтаж стеновых конструкций | Кол-во: 10000.000 | Цена: 100.00
   Работа 7: Разработка котлована | Кол-во: 1000.000 | Цена: 100.00
   Работа 8: Асфальтирование территории | Кол-во: 6000.000 | Цена: 100.00
   Работа 9: Заливка фундамента | Кол-во: 3000.000 | Цена: 100.00
   Работа 10: Монтаж стеновых конструкций | Кол-во: 10000.000 | Цена: 100.00
   Работа 11: Разработка котлована | Кол-во: 1000.000 | Цена: 100.00
   Работа 12: Асфальтирование территории | Кол-во: 6000.000 | Цена: 100.00
   Работа 13: Заливка фундамента | Кол-во: 3000.000 | Цена: 100.00
   Работа 14: Монтаж стеновых конструкций | Кол-во: 10000.000 | Цена: 100.00
   Работа 15: Разработка котлована | Кол-во: 1000.000 | Цена: 100.00
   Работа 16: Асфальтирование территории | Кол-во: 6000.000 | Цена: 100.00
   Работа 17: Разработка котлована | Кол-во: 1000.000 | Цена: 100.00
   Работа 18: Асфальтирование территории | Кол-во: 6000.000 | Цена: 100.00
 Сценарий 2: до 100 работ на двух страницах (слотов на 2-й: 94)
 PDF сохранён: /app/media/output/tmpb4f5wk8m.pdf
 Заполнено работ: 18
/app/acts/utils/ks2_gen.py changed, reloading.
Watching for file changes with StatReloader
📥 Генерация pdf для акта 2
   Работа 1: Заливка фундамента | Кол-во: 3000.000 | Цена: 100.00
   Работа 2: Монтаж стеновых конструкций | Кол-во: 10000.000 | Цена: 100.00
   Работа 3: Разработка котлована | Кол-во: 1000.000 | Цена: 100.00
   Работа 4: Асфальтирование территории | Кол-во: 6000.000 | Цена: 100.00
   Работа 5: Заливка фундамента | Кол-во: 3000.000 | Цена: 100.00
   Работа 6: Монтаж стеновых конструкций | Кол-во: 10000.000 | Цена: 100.00
   Работа 7: Разработка котлована | Кол-во: 1000.000 | Цена: 100.00
   Работа 8: Асфальтирование территории | Кол-во: 6000.000 | Цена: 100.00
   Работа 9: Заливка фундамента | Кол-во: 3000.000 | Цена: 100.00
   Работа 10: Монтаж стеновых конструкций | Кол-во: 10000.000 | Цена: 100.00
   Работа 11: Разработка котлована | Кол-во: 1000.000 | Цена: 100.00
   Работа 12: Асфальтирование территории | Кол-во: 6000.000 | Цена: 100.00
   Работа 13: Заливка фундамента | Кол-во: 3000.000 | Цена: 100.00
   Работа 14: Монтаж стеновых конструкций | Кол-во: 10000.000 | Цена: 100.00
   Работа 15: Разработка котлована | Кол-во: 1000.000 | Цена: 100.00
   Работа 16: Асфальтирование территории | Кол-во: 6000.000 | Цена: 100.00
   Работа 17: Разработка котлована | Кол-во: 1000.000 | Цена: 100.00
   Работа 18: Асфальтирование территории | Кол-во: 6000.000 | Цена: 100.00
PDF сохранён: /app/media/output/tmp2805kysv.pdf
Заполнено работ: 18
/app/acts/utils/ks2_gen.py changed, reloading.
Watching for file changes with StatReloader
/app/acts/constants.py changed, reloading.
Watching for file changes with StatReloader
/app/acts/utils/ks2_gen.py changed, reloading.
Watching for file changes with StatReloader
/app/acts/utils/ks2_gen.py changed, reloading.
Watching for file changes with StatReloader
/app/acts/utils/ks2_gen.py changed, reloading.
Watching for file changes with StatReloader
📥 Генерация pdf для акта 2
   Работа 1: Заливка фундамента | Кол-во: 3000.000 | Цена: 100.00
   Работа 2: Монтаж стеновых конструкций | Кол-во: 10000.000 | Цена: 100.00
   Работа 3: Разработка котлована | Кол-во: 1000.000 | Цена: 100.00
   Работа 4: Асфальтирование территории | Кол-во: 6000.000 | Цена: 100.00
   Работа 5: Заливка фундамента | Кол-во: 3000.000 | Цена: 100.00
   Работа 6: Монтаж стеновых конструкций | Кол-во: 10000.000 | Цена: 100.00
   Работа 7: Разработка котлована | Кол-во: 1000.000 | Цена: 100.00
   Работа 8: Асфальтирование территории | Кол-во: 6000.000 | Цена: 100.00
   Работа 9: Заливка фундамента | Кол-во: 3000.000 | Цена: 100.00
   Работа 10: Монтаж стеновых конструкций | Кол-во: 10000.000 | Цена: 100.00
   Работа 11: Разработка котлована | Кол-во: 1000.000 | Цена: 100.00
   Работа 12: Асфальтирование территории | Кол-во: 6000.000 | Цена: 100.00
   Работа 13: Заливка фундамента | Кол-во: 3000.000 | Цена: 100.00
   Работа 14: Монтаж стеновых конструкций | Кол-во: 10000.000 | Цена: 100.00
   Работа 15: Разработка котлована | Кол-во: 1000.000 | Цена: 100.00
   Работа 16: Асфальтирование территории | Кол-во: 6000.000 | Цена: 100.00
   Работа 17: Разработка котлована | Кол-во: 1000.000 | Цена: 100.00
   Работа 18: Асфальтирование территории | Кол-во: 6000.000 | Цена: 100.00
 PDF сохранён: /app/media/output/tmptqjksedt.pdf
 Заполнено работ: 18
Watching for file changes with StatReloader
Not Found: /favicon.ico
[AUDIT] admin → create ActInput#4b174db3-6c53-44be-a364-ba309a6838ce | {'type': 'ks2'}
📥 Генерация pdf для акта 123-КС
   Работа 1: Заливка фундамента | Кол-во: 3000.000 | Цена: 100.00
   Работа 2: Монтаж стеновых конструкций | Кол-во: 10000.000 | Цена: 100.00
   Работа 3: Разработка котлована | Кол-во: 1000.000 | Цена: 100.00
   Работа 4: Асфальтирование территории | Кол-во: 6000.000 | Цена: 100.00
   Работа 5: Заливка фундамента | Кол-во: 3000.000 | Цена: 100.00
   Работа 6: Монтаж стеновых конструкций | Кол-во: 10000.000 | Цена: 100.00
   Работа 7: Разработка котлована | Кол-во: 1000.000 | Цена: 100.00
   Работа 8: Асфальтирование территории | Кол-во: 6000.000 | Цена: 100.00
   Работа 9: Заливка фундамента | Кол-во: 3000.000 | Цена: 100.00
   Работа 10: Монтаж стеновых конструкций | Кол-во: 10000.000 | Цена: 100.00
   Работа 11: Разработка котлована | Кол-во: 1000.000 | Цена: 100.00
   Работа 12: Асфальтирование территории | Кол-во: 6000.000 | Цена: 100.00
   Работа 13: Заливка фундамента | Кол-во: 3000.000 | Цена: 100.00
   Работа 14: Монтаж стеновых конструкций | Кол-во: 10000.000 | Цена: 100.00
   Работа 15: Разработка котлована | Кол-во: 1000.000 | Цена: 100.00
   Работа 16: Асфальтирование территории | Кол-во: 6000.000 | Цена: 100.00
   Работа 17: Разработка котлована | Кол-во: 1000.000 | Цена: 100.00
   Работа 18: Асфальтирование территории | Кол-во: 6000.000 | Цена: 100.00
Сжатие листа: удалено 107 строк (57–163), итоги сдвинуты к строке 57.
Страница 1: заполнено Итого в строке 39, сумма=3300000.0
Страница 2: заполнено Итого в строке 54, сумма=5400000.0
Найдено 'Сумма НДС' в строке 59
Найдено 'Всего по акту' в строке 55
✓ Заполнено 'Всего по акту': 8700000.0
✓ Заполнено 'Сумма НДС': 261000.0
✗ 'Всего с учётом НДС' не найдено!
PDF сохранён: /app/media/output/tmpnj4zqkex.pdf
Заполнено работ: 18
Watching for file changes with StatReloader
[AUDIT] admin → delete ActInput#78b4db7a-50cd-4700-bea2-87550b60c621 | None
[AUDIT] admin → delete ActInput#5701ba97-d9a5-44b0-94d7-bbe6877790b3 | None
Watching for file changes with StatReloader
[AUDIT] admin → create ActInput#4cb56d7d-a43c-4ecc-9f4d-89ed96473dee | {'type': 'ks2'}
📥 Генерация pdf для акта 4
   Работа 1: Заливка фундамента | Кол-во: 3000.000 | Цена: 100.00
   Работа 2: Монтаж стеновых конструкций | Кол-во: 10000.000 | Цена: 100.00
   Работа 3: Разработка котлована | Кол-во: 1000.000 | Цена: 100.00
   Работа 4: Асфальтирование территории | Кол-во: 6000.000 | Цена: 100.00
   Работа 5: Заливка фундамента | Кол-во: 3000.000 | Цена: 100.00
   Работа 6: Монтаж стеновых конструкций | Кол-во: 10000.000 | Цена: 100.00
   Работа 7: Разработка котлована | Кол-во: 1000.000 | Цена: 100.00
   Работа 8: Асфальтирование территории | Кол-во: 6000.000 | Цена: 100.00
   Работа 9: Заливка фундамента | Кол-во: 3000.000 | Цена: 100.00
   Работа 10: Монтаж стеновых конструкций | Кол-во: 10000.000 | Цена: 100.00
   Работа 11: Разработка котлована | Кол-во: 1000.000 | Цена: 100.00
   Работа 12: Асфальтирование территории | Кол-во: 6000.000 | Цена: 100.00
   Работа 13: Заливка фундамента | Кол-во: 3000.000 | Цена: 100.00
   Работа 14: Монтаж стеновых конструкций | Кол-во: 10000.000 | Цена: 100.00
   Работа 15: Разработка котлована | Кол-во: 1000.000 | Цена: 100.00
   Работа 16: Асфальтирование территории | Кол-во: 6000.000 | Цена: 100.00
   Работа 17: Разработка котлована | Кол-во: 1000.000 | Цена: 100.00
   Работа 18: Асфальтирование территории | Кол-во: 6000.000 | Цена: 100.00
Сжатие листа: удалено 107 строк (57–163), итоги сдвинуты к строке 57.
Страница 1: заполнено Итого в строке 39, сумма=3300000.0
Страница 2: заполнено Итого в строке 54, сумма=5400000.0
Найдено 'Сумма НДС' в строке 59
Найдено 'Всего по акту' в строке 55
✓ Заполнено 'Всего по акту': 8700000.0
✓ Заполнено 'Сумма НДС': 174000.0
✗ 'Всего с учётом НДС' не найдено!
PDF сохранён: /app/media/output/tmpn7s8gazz.pdf
Заполнено работ: 18
Watching for file changes with StatReloader
Watching for file changes with StatReloader
[AUDIT] admin → create ActInput#e6fc763c-475c-4008-93ca-133819e8aff9 | {'type': 'ks2'}
📥 Генерация pdf для акта 123-КС
   Работа 1: Заливка фундамента | Кол-во: 3000.000 | Цена: 100.00
   Работа 2: Монтаж стеновых конструкций | Кол-во: 10000.000 | Цена: 100.00
   Работа 3: Разработка котлована | Кол-во: 1000.000 | Цена: 100.00
   Работа 4: Асфальтирование территории | Кол-во: 6000.000 | Цена: 100.00
   Работа 5: Заливка фундамента | Кол-во: 3000.000 | Цена: 100.00
   Работа 6: Монтаж стеновых конструкций | Кол-во: 10000.000 | Цена: 100.00
   Работа 7: Разработка котлована | Кол-во: 1000.000 | Цена: 100.00
   Работа 8: Асфальтирование территории | Кол-во: 6000.000 | Цена: 100.00
   Работа 9: Заливка фундамента | Кол-во: 3000.000 | Цена: 100.00
   Работа 10: Монтаж стеновых конструкций | Кол-во: 10000.000 | Цена: 100.00
   Работа 11: Разработка котлована | Кол-во: 1000.000 | Цена: 100.00
   Работа 12: Асфальтирование территории | Кол-во: 6000.000 | Цена: 100.00
   Работа 13: Заливка фундамента | Кол-во: 3000.000 | Цена: 100.00
   Работа 14: Монтаж стеновых конструкций | Кол-во: 10000.000 | Цена: 100.00
   Работа 15: Разработка котлована | Кол-во: 1000.000 | Цена: 100.00
   Работа 16: Асфальтирование территории | Кол-во: 6000.000 | Цена: 100.00
   Работа 17: Разработка котлована | Кол-во: 1000.000 | Цена: 100.00
   Работа 18: Асфальтирование территории | Кол-во: 6000.000 | Цена: 100.00
Сжатие листа: удалено 107 строк (57–163), итоги сдвинуты к строке 57.
Страница 1: заполнено Итого в строке 39, сумма=3300000.0
Страница 2: заполнено Итого в строке 54, сумма=5400000.0
Найдено 'Сумма НДС' в строке 59
Найдено 'Всего по акту' в строке 55
✓ Заполнено 'Всего по акту': 8700000.0
✓ Заполнено 'Сумма НДС': 174000.0
✗ 'Всего с учётом НДС' не найдено!
PDF сохранён: /app/media/output/tmpcxgn7cqu.pdf
Заполнено работ: 18
Watching for file changes with StatReloader
[AUDIT] admin → create ActInput#afa14070-d1c9-4e39-9ae0-e96b3b5fa326 | {'type': 'ks2'}
📥 Генерация pdf для акта 6
   Работа 1: Заливка фундамента | Кол-во: 3000.000 | Цена: 100.00
   Работа 2: Монтаж стеновых конструкций | Кол-во: 10000.000 | Цена: 100.00
   Работа 3: Разработка котлована | Кол-во: 1000.000 | Цена: 100.00
   Работа 4: Асфальтирование территории | Кол-во: 6000.000 | Цена: 100.00
   Работа 5: Заливка фундамента | Кол-во: 3000.000 | Цена: 100.00
   Работа 6: Монтаж стеновых конструкций | Кол-во: 10000.000 | Цена: 100.00
   Работа 7: Разработка котлована | Кол-во: 1000.000 | Цена: 100.00
   Работа 8: Асфальтирование территории | Кол-во: 6000.000 | Цена: 100.00
   Работа 9: Заливка фундамента | Кол-во: 3000.000 | Цена: 100.00
   Работа 10: Монтаж стеновых конструкций | Кол-во: 10000.000 | Цена: 100.00
   Работа 11: Разработка котлована | Кол-во: 1000.000 | Цена: 100.00
   Работа 12: Асфальтирование территории | Кол-во: 6000.000 | Цена: 100.00
   Работа 13: Заливка фундамента | Кол-во: 3000.000 | Цена: 100.00
   Работа 14: Монтаж стеновых конструкций | Кол-во: 10000.000 | Цена: 100.00
   Работа 15: Разработка котлована | Кол-во: 1000.000 | Цена: 100.00
   Работа 16: Асфальтирование территории | Кол-во: 6000.000 | Цена: 100.00
   Работа 17: Разработка котлована | Кол-во: 1000.000 | Цена: 100.00
   Работа 18: Асфальтирование территории | Кол-во: 6000.000 | Цена: 100.00
Сжатие листа: удалено 107 строк (57–163), итоги сдвинуты к строке 57.
Страница 1: заполнено Итого в строке 38, сумма=3300000.0
Страница 2: заполнено Итого в строке 57, сумма=5400000.0
Найдено 'Всего с учётом НДС' в строке 60
Найдено 'Сумма НДС' в строке 59
Найдено 'Всего по акту' в строке 58
✓ Заполнено 'Всего по акту': 8700000.0
✓ Заполнено 'Сумма НДС': 435000.0
✓ Заполнено 'Всего с учётом НДС': 9135000.0
PDF сохранён: /app/media/output/tmpfya1r7wx.pdf
Заполнено работ: 18
Watching for file changes with StatReloader
[AUDIT] admin → create ActInput#1b36c48c-f59d-4d50-a9ab-f900b835a4a1 | {'type': 'ks3'}
📥 Генерация pdf для акта 1
   Работа 1: Заливка фундамента | За период: 300000.00
   Работа 2: Монтаж стеновых конструкций | За период: 1000000.00
   Работа 3: Разработка котлована | За период: 100000.00
   Работа 4: Асфальтирование территории | За период: 600000.00
   Работа 5: Заливка фундамента | За период: 300000.00
   Работа 6: Монтаж стеновых конструкций | За период: 1000000.00
   Работа 7: Разработка котлована | За период: 100000.00
   Работа 8: Асфальтирование территории | За период: 600000.00
   Работа 9: Заливка фундамента | За период: 300000.00
   Работа 10: Монтаж стеновых конструкций | За период: 1000000.00
   Работа 11: Разработка котлована | За период: 100000.00
   Работа 12: Асфальтирование территории | За период: 600000.00
   Работа 13: Заливка фундамента | За период: 300000.00
   Работа 14: Монтаж стеновых конструкций | За период: 1000000.00
   Работа 15: Разработка котлована | За период: 100000.00
   Работа 16: Асфальтирование территории | За период: 600000.00
   Работа 17: Разработка котлована | За период: 100000.00
   Работа 18: Асфальтирование территории | За период: 600000.00
Сжатие листа: удалено 115 строк (49–163), итоги сдвинуты к строке 49.
Итоги закреплены за последней работой (разрыв перед строкой 48).
✓ Заполнено 'Итого': 8700000.0
✓ Заполнено 'Сумма НДС': 261000.0
✓ Заполнено 'Всего с НДС': 8961000.0
PDF сохранён: /app/media/output/tmpid4ptjhr.pdf
Заполнено работ: 18
Итого за период: 8700000.0
Watching for file changes with StatReloader
Not Found: /favicon.ico
📥 Генерация pdf для акта 1
   Работа 1: Заливка фундамента | За период: 300000.00
   Работа 2: Монтаж стеновых конструкций | За период: 1000000.00
   Работа 3: Разработка котлована | За период: 100000.00
   Работа 4: Асфальтирование территории | За период: 600000.00
   Работа 5: Заливка фундамента | За период: 300000.00
   Работа 6: Монтаж стеновых конструкций | За период: 1000000.00
   Работа 7: Разработка котлована | За период: 100000.00
   Работа 8: Асфальтирование территории | За период: 600000.00
   Работа 9: Заливка фундамента | За период: 300000.00
   Работа 10: Монтаж стеновых конструкций | За период: 1000000.00
   Работа 11: Разработка котлована | За период: 100000.00
   Работа 12: Асфальтирование территории | За период: 600000.00
   Работа 13: Заливка фундамента | За период: 300000.00
   Работа 14: Монтаж стеновых конструкций | За период: 1000000.00
   Работа 15: Разработка котлована | За период: 100000.00
   Работа 16: Асфальтирование территории | За период: 600000.00
   Работа 17: Разработка котлована | За период: 100000.00
   Работа 18: Асфальтирование территории | За период: 600000.00
Сжатие листа: удалено 115 строк (49–163), итоги сдвинуты к строке 49.
Итоги закреплены за последней работой (разрыв перед строкой 48).
✓ Заполнено 'Итого': 8700000.0
✓ Заполнено 'Сумма НДС': 261000.0
✓ Заполнено 'Всего с НДС': 8961000.0
PDF сохранён: /app/media/output/tmp__ohw5if.pdf
Заполнено работ: 18
Итого за период: 8700000.0
[AUDIT] admin → update ActInput#1b36c48c-f59d-4d50-a9ab-f900b835a4a1 | None
📥 Генерация pdf для акта 1
   Работа 1: Заливка фундамента | За период: 300000.00
   Работа 2: Монтаж стеновых конструкций | За период: 1000000.00
   Работа 3: Разработка котлована | За период: 100000.00
   Работа 4: Асфальтирование территории | За период: 600000.00
   Работа 5: Заливка фундамента | За период: 300000.00
   Работа 6: Монтаж стеновых конструкций | За период: 1000000.00
   Работа 7: Разработка котлована | За период: 100000.00
   Работа 8: Асфальтирование территории | За период: 600000.00
   Работа 9: Заливка фундамента | За период: 300000.00
   Работа 10: Монтаж стеновых конструкций | За период: 1000000.00
   Работа 11: Разработка котлована | За период: 100000.00
   Работа 12: Асфальтирование территории | За период: 600000.00
   Работа 13: Заливка фундамента | За период: 300000.00
   Работа 14: Монтаж стеновых конструкций | За период: 1000000.00
Сжатие листа: удалено 119 строк (45–163), итоги сдвинуты к строке 45.
Блок подписей перенесён на следующую страницу (разрыв перед строкой 50).
✓ Заполнено 'Итого': 7300000.0
✓ Заполнено 'Сумма НДС': 219000.0
✓ Заполнено 'Всего с НДС': 7519000.0
PDF сохранён: /app/media/output/tmpe1h02fxs.pdf
Заполнено работ: 14
Итого за период: 7300000.0
/app/acts/utils/ks3_gen.py changed, reloading.
Watching for file changes with StatReloader
Watching for file changes with StatReloader
[AUDIT] admin → create ActInput#2fbc2d89-5518-4ff3-936e-998eacbc91da | {'type': 'ks3'}
📥 Генерация pdf для акта 1
   Работа 1: Заливка фундамента | За период: 300000.00
   Работа 2: Монтаж стеновых конструкций | За период: 1000000.00
   Работа 3: Разработка котлована | За период: 100000.00
   Работа 4: Асфальтирование территории | За период: 600000.00
   Работа 5: Заливка фундамента | За период: 300000.00
   Работа 6: Монтаж стеновых конструкций | За период: 1000000.00
   Работа 7: Разработка котлована | За период: 100000.00
   Работа 8: Асфальтирование территории | За период: 600000.00
   Работа 9: Заливка фундамента | За период: 300000.00
   Работа 10: Монтаж стеновых конструкций | За период: 1000000.00
   Работа 11: Разработка котлована | За период: 100000.00
   Работа 12: Асфальтирование территории | За период: 600000.00
   Работа 13: Заливка фундамента | За период: 300000.00
   Работа 14: Монтаж стеновых конструкций | За период: 1000000.00
   Работа 15: Разработка котлована | За период: 100000.00
   Работа 16: Асфальтирование территории | За период: 600000.00
   Работа 17: Разработка котлована | За период: 100000.00
   Работа 18: Асфальтирование территории | За период: 600000.00
Сжатие листа: удалено 13 строк (49–61), итоги сдвинуты к строке 49.
Ошибка генерации КС-3: 'aspose.cells.HorizontalPageBreakCollection' object has no attribute 'remove_at'
❌ Ошибка генерации: 'aspose.cells.HorizontalPageBreakCollection' object has no attribute 'remove_at'
Traceback (most recent call last):
  File "/app/acts/views.py", line 379, in download_act
    fill_ks3(template_path, output_path, data, format=format)
  File "/app/acts/utils/ks3_gen.py", line 408, in fill_ks3
    rows_deleted, all_rows, works_count = fill_ks3_worksheet(ws, works_list)
                                          ^^^^^^^^^^^^^^^^^^^^^^^^^^^^^^^^^^
  File "/app/acts/utils/ks3_gen.py", line 377, in fill_ks3_worksheet
    _ensure_signature_block_on_one_page(
  File "/app/acts/utils/ks3_gen.py", line 224, in _ensure_signature_block_on_one_page
    _ensure_totals_stay_with_works(worksheet, last_work_row, total_start, total_end)
  File "/app/acts/utils/ks3_gen.py", line 183, in _ensure_totals_stay_with_works
    _remove_page_break_before_row(worksheet, row)
  File "/app/acts/utils/ks3_gen.py", line 167, in _remove_page_break_before_row
    breaks.remove_at(i)
    ^^^^^^^^^^^^^^^^
AttributeError: 'aspose.cells.HorizontalPageBreakCollection' object has no attribute 'remove_at'
📥 Генерация pdf для акта 1
   Работа 1: Заливка фундамента | За период: 300000.00
   Работа 2: Монтаж стеновых конструкций | За период: 1000000.00
   Работа 3: Разработка котлована | За период: 100000.00
   Работа 4: Асфальтирование территории | За период: 600000.00
   Работа 5: Заливка фундамента | За период: 300000.00
   Работа 6: Монтаж стеновых конструкций | За период: 1000000.00
   Работа 7: Разработка котлована | За период: 100000.00
   Работа 8: Асфальтирование территории | За период: 600000.00
   Работа 9: Заливка фундамента | За период: 300000.00
   Работа 10: Монтаж стеновых конструкций | За период: 1000000.00
   Работа 11: Разработка котлована | За период: 100000.00
   Работа 12: Асфальтирование территории | За период: 600000.00
   Работа 13: Заливка фундамента | За период: 300000.00
   Работа 14: Монтаж стеновых конструкций | За период: 1000000.00
   Работа 15: Разработка котлована | За период: 100000.00
   Работа 16: Асфальтирование территории | За период: 600000.00
   Работа 17: Разработка котлована | За период: 100000.00
   Работа 18: Асфальтирование территории | За период: 600000.00
Сжатие листа: удалено 13 строк (49–61), итоги сдвинуты к строке 49.
Ошибка генерации КС-3: 'aspose.cells.HorizontalPageBreakCollection' object has no attribute 'remove_at'
❌ Ошибка генерации: 'aspose.cells.HorizontalPageBreakCollection' object has no attribute 'remove_at'
Traceback (most recent call last):
  File "/app/acts/views.py", line 379, in download_act
    fill_ks3(template_path, output_path, data, format=format)
  File "/app/acts/utils/ks3_gen.py", line 408, in fill_ks3
    rows_deleted, all_rows, works_count = fill_ks3_worksheet(ws, works_list)
                                          ^^^^^^^^^^^^^^^^^^^^^^^^^^^^^^^^^^
  File "/app/acts/utils/ks3_gen.py", line 377, in fill_ks3_worksheet
    _ensure_signature_block_on_one_page(
  File "/app/acts/utils/ks3_gen.py", line 224, in _ensure_signature_block_on_one_page
    _ensure_totals_stay_with_works(worksheet, last_work_row, total_start, total_end)
  File "/app/acts/utils/ks3_gen.py", line 183, in _ensure_totals_stay_with_works
    _remove_page_break_before_row(worksheet, row)
  File "/app/acts/utils/ks3_gen.py", line 167, in _remove_page_break_before_row
    breaks.remove_at(i)
    ^^^^^^^^^^^^^^^^
AttributeError: 'aspose.cells.HorizontalPageBreakCollection' object has no attribute 'remove_at'
/app/acts/utils/ks3_gen.py changed, reloading.
Watching for file changes with StatReloader
Watching for file changes with StatReloader
📥 Генерация pdf для акта 1
   Работа 1: Заливка фундамента | За период: 300000.00
   Работа 2: Монтаж стеновых конструкций | За период: 1000000.00
   Работа 3: Разработка котлована | За период: 100000.00
   Работа 4: Асфальтирование территории | За период: 600000.00
   Работа 5: Заливка фундамента | За период: 300000.00
   Работа 6: Монтаж стеновых конструкций | За период: 1000000.00
   Работа 7: Разработка котлована | За период: 100000.00
   Работа 8: Асфальтирование территории | За период: 600000.00
   Работа 9: Заливка фундамента | За период: 300000.00
   Работа 10: Монтаж стеновых конструкций | За период: 1000000.00
   Работа 11: Разработка котлована | За период: 100000.00
   Работа 12: Асфальтирование территории | За период: 600000.00
   Работа 13: Заливка фундамента | За период: 300000.00
   Работа 14: Монтаж стеновых конструкций | За период: 1000000.00
   Работа 15: Разработка котлована | За период: 100000.00
   Работа 16: Асфальтирование территории | За период: 600000.00
   Работа 17: Разработка котлована | За период: 100000.00
   Работа 18: Асфальтирование территории | За период: 600000.00
Сжатие листа: удалено 13 строк (49–61), итоги сдвинуты к строке 49.
Последняя работа и итоги не помещаются на одну страницу (1353 pt > 655 pt).
✓ Заполнено 'Итого': 8700000.0
✓ Заполнено 'Сумма НДС': 261000.0
✓ Заполнено 'Всего с НДС': 8961000.0
PDF сохранён: /app/media/output/tmpqq47bpv6.pdf
Заполнено работ: 18
Итого за период: 8700000.0
/app/acts/utils/ks3_gen.py changed, reloading.
Watching for file changes with StatReloader
📥 Генерация pdf для акта 1
   Работа 1: Заливка фундамента | За период: 300000.00
   Работа 2: Монтаж стеновых конструкций | За период: 1000000.00
   Работа 3: Разработка котлована | За период: 100000.00
   Работа 4: Асфальтирование территории | За период: 600000.00
   Работа 5: Заливка фундамента | За период: 300000.00
   Работа 6: Монтаж стеновых конструкций | За период: 1000000.00
   Работа 7: Разработка котлована | За период: 100000.00
   Работа 8: Асфальтирование территории | За период: 600000.00
   Работа 9: Заливка фундамента | За период: 300000.00
   Работа 10: Монтаж стеновых конструкций | За период: 1000000.00
   Работа 11: Разработка котлована | За период: 100000.00
   Работа 12: Асфальтирование территории | За период: 600000.00
   Работа 13: Заливка фундамента | За период: 300000.00
   Работа 14: Монтаж стеновых конструкций | За период: 1000000.00
   Работа 15: Разработка котлована | За период: 100000.00
   Работа 16: Асфальтирование территории | За период: 600000.00
   Работа 17: Разработка котлована | За период: 100000.00
   Работа 18: Асфальтирование территории | За период: 600000.00
Сжатие листа: удалено 13 строк (49–61), итоги сдвинуты к строке 49.
Ошибка генерации КС-3: 'aspose.cells.HorizontalPageBreakCollection' object has no attribute 'remove_at'
❌ Ошибка генерации: 'aspose.cells.HorizontalPageBreakCollection' object has no attribute 'remove_at'
Traceback (most recent call last):
  File "/app/acts/views.py", line 379, in download_act
    fill_ks3(template_path, output_path, data, format=format)
  File "/app/acts/utils/ks3_gen.py", line 408, in fill_ks3
    rows_deleted, all_rows, works_count = fill_ks3_worksheet(ws, works_list)
                                          ^^^^^^^^^^^^^^^^^^^^^^^^^^^^^^^^^^
  File "/app/acts/utils/ks3_gen.py", line 377, in fill_ks3_worksheet
    _ensure_signature_block_on_one_page(
  File "/app/acts/utils/ks3_gen.py", line 224, in _ensure_signature_block_on_one_page
    _ensure_totals_stay_with_works(worksheet, last_work_row, total_start, total_end)
  File "/app/acts/utils/ks3_gen.py", line 183, in _ensure_totals_stay_with_works
    _remove_page_break_before_row(worksheet, row)
  File "/app/acts/utils/ks3_gen.py", line 167, in _remove_page_break_before_row
    breaks.remove_at(i)
    ^^^^^^^^^^^^^^^^
AttributeError: 'aspose.cells.HorizontalPageBreakCollection' object has no attribute 'remove_at'
/app/acts/utils/ks3_gen.py changed, reloading.
Watching for file changes with StatReloader
Watching for file changes with StatReloader
📥 Генерация pdf для акта 1
   Работа 1: Заливка фундамента | За период: 300000.00
   Работа 2: Монтаж стеновых конструкций | За период: 1000000.00
   Работа 3: Разработка котлована | За период: 100000.00
   Работа 4: Асфальтирование территории | За период: 600000.00
   Работа 5: Заливка фундамента | За период: 300000.00
   Работа 6: Монтаж стеновых конструкций | За период: 1000000.00
   Работа 7: Разработка котлована | За период: 100000.00
   Работа 8: Асфальтирование территории | За период: 600000.00
   Работа 9: Заливка фундамента | За период: 300000.00
   Работа 10: Монтаж стеновых конструкций | За период: 1000000.00
   Работа 11: Разработка котлована | За период: 100000.00
   Работа 12: Асфальтирование территории | За период: 600000.00
   Работа 13: Заливка фундамента | За период: 300000.00
   Работа 14: Монтаж стеновых конструкций | За период: 1000000.00
   Работа 15: Разработка котлована | За период: 100000.00
   Работа 16: Асфальтирование территории | За период: 600000.00
   Работа 17: Разработка котлована | За период: 100000.00
   Работа 18: Асфальтирование территории | За период: 600000.00
Сжатие листа: удалено 13 строк (49–61), итоги сдвинуты к строке 49.
Ошибка генерации КС-3: 'builtin_function_or_method' object cannot be interpreted as an integer
❌ Ошибка генерации: 'builtin_function_or_method' object cannot be interpreted as an integer
Traceback (most recent call last):
  File "/app/acts/views.py", line 379, in download_act
    fill_ks3(template_path, output_path, data, format=format)
  File "/app/acts/utils/ks3_gen.py", line 418, in fill_ks3
    rows_deleted, all_rows, works_count = fill_ks3_worksheet(ws, works_list)
                                          ^^^^^^^^^^^^^^^^^^^^^^^^^^^^^^^^^^
  File "/app/acts/utils/ks3_gen.py", line 387, in fill_ks3_worksheet
    _ensure_signature_block_on_one_page(
  File "/app/acts/utils/ks3_gen.py", line 234, in _ensure_signature_block_on_one_page
    _ensure_totals_stay_with_works(worksheet, last_work_row, total_start, total_end)
  File "/app/acts/utils/ks3_gen.py", line 193, in _ensure_totals_stay_with_works
    _remove_page_break_before_row(worksheet, row)
  File "/app/acts/utils/ks3_gen.py", line 168, in _remove_page_break_before_row
    for i in range(breaks.count):
             ^^^^^^^^^^^^^^^^^^^
TypeError: 'builtin_function_or_method' object cannot be interpreted as an integer
/app/acts/utils/ks3_gen.py changed, reloading.
Watching for file changes with StatReloader
Watching for file changes with StatReloader
📥 Генерация pdf для акта 1
   Работа 1: Заливка фундамента | За период: 300000.00
   Работа 2: Монтаж стеновых конструкций | За период: 1000000.00
   Работа 3: Разработка котлована | За период: 100000.00
   Работа 4: Асфальтирование территории | За период: 600000.00
   Работа 5: Заливка фундамента | За период: 300000.00
   Работа 6: Монтаж стеновых конструкций | За период: 1000000.00
   Работа 7: Разработка котлована | За период: 100000.00
   Работа 8: Асфальтирование территории | За период: 600000.00
   Работа 9: Заливка фундамента | За период: 300000.00
   Работа 10: Монтаж стеновых конструкций | За период: 1000000.00
   Работа 11: Разработка котлована | За период: 100000.00
   Работа 12: Асфальтирование территории | За период: 600000.00
   Работа 13: Заливка фундамента | За период: 300000.00
   Работа 14: Монтаж стеновых конструкций | За период: 1000000.00
   Работа 15: Разработка котлована | За период: 100000.00
   Работа 16: Асфальтирование территории | За период: 600000.00
   Работа 17: Разработка котлована | За период: 100000.00
   Работа 18: Асфальтирование территории | За период: 600000.00
Сжатие листа: удалено 13 строк (49–61), итоги сдвинуты к строке 49.
Ошибка генерации КС-3: 'aspose.cells.HorizontalPageBreakCollection' object has no attribute 'remove_at'
❌ Ошибка генерации: 'aspose.cells.HorizontalPageBreakCollection' object has no attribute 'remove_at'
Traceback (most recent call last):
  File "/app/acts/views.py", line 379, in download_act
    fill_ks3(template_path, output_path, data, format=format)
  File "/app/acts/utils/ks3_gen.py", line 408, in fill_ks3
    rows_deleted, all_rows, works_count = fill_ks3_worksheet(ws, works_list)
                                          ^^^^^^^^^^^^^^^^^^^^^^^^^^^^^^^^^^
  File "/app/acts/utils/ks3_gen.py", line 377, in fill_ks3_worksheet
    _ensure_signature_block_on_one_page(
  File "/app/acts/utils/ks3_gen.py", line 224, in _ensure_signature_block_on_one_page
    _ensure_totals_stay_with_works(worksheet, last_work_row, total_start, total_end)
  File "/app/acts/utils/ks3_gen.py", line 183, in _ensure_totals_stay_with_works
    _remove_page_break_before_row(worksheet, row)
  File "/app/acts/utils/ks3_gen.py", line 167, in _remove_page_break_before_row
    breaks.remove_at(i)
    ^^^^^^^^^^^^^^^^
AttributeError: 'aspose.cells.HorizontalPageBreakCollection' object has no attribute 'remove_at'
/app/acts/utils/ks3_gen.py changed, reloading.
Watching for file changes with StatReloader
Watching for file changes with StatReloader
📥 Генерация pdf для акта 1
   Работа 1: Заливка фундамента | За период: 300000.00
   Работа 2: Монтаж стеновых конструкций | За период: 1000000.00
   Работа 3: Разработка котлована | За период: 100000.00
   Работа 4: Асфальтирование территории | За период: 600000.00
   Работа 5: Заливка фундамента | За период: 300000.00
   Работа 6: Монтаж стеновых конструкций | За период: 1000000.00
   Работа 7: Разработка котлована | За период: 100000.00
   Работа 8: Асфальтирование территории | За период: 600000.00
   Работа 9: Заливка фундамента | За период: 300000.00
   Работа 10: Монтаж стеновых конструкций | За период: 1000000.00
   Работа 11: Разработка котлована | За период: 100000.00
   Работа 12: Асфальтирование территории | За период: 600000.00
   Работа 13: Заливка фундамента | За период: 300000.00
   Работа 14: Монтаж стеновых конструкций | За период: 1000000.00
   Работа 15: Разработка котлована | За период: 100000.00
   Работа 16: Асфальтирование территории | За период: 600000.00
   Работа 17: Разработка котлована | За период: 100000.00
   Работа 18: Асфальтирование территории | За период: 600000.00
Сжатие листа: удалено 13 строк (49–61), итоги сдвинуты к строке 49.
Последняя работа и итоги не помещаются на одну страницу (1353 pt > 655 pt).
✓ Заполнено 'Итого': 8700000.0
✓ Заполнено 'Сумма НДС': 261000.0
✓ Заполнено 'Всего с НДС': 8961000.0
PDF сохранён: /app/media/output/tmphaaxsm3p.pdf
Заполнено работ: 18
Итого за период: 8700000.0
Watching for file changes with StatReloader
Watching for file changes with StatReloader
Not Found: /favicon.ico
[AUDIT] admin → create ActInput#4c3d60ed-b4e1-4309-8ccc-ddcb30a0c133 | {'type': 'ks3'}
📥 Генерация pdf для акта 1
   Работа 1: Заливка фундамента | За период: 300000.00
   Работа 2: Монтаж стеновых конструкций | За период: 1000000.00
   Работа 3: Разработка котлована | За период: 100000.00
   Работа 4: Асфальтирование территории | За период: 600000.00
   Работа 5: Заливка фундамента | За период: 300000.00
   Работа 6: Монтаж стеновых конструкций | За период: 1000000.00
   Работа 7: Разработка котлована | За период: 100000.00
   Работа 8: Асфальтирование территории | За период: 600000.00
   Работа 9: Заливка фундамента | За период: 300000.00
   Работа 10: Монтаж стеновых конструкций | За период: 1000000.00
   Работа 11: Разработка котлована | За период: 100000.00
   Работа 12: Асфальтирование территории | За период: 600000.00
   Работа 13: Заливка фундамента | За период: 300000.00
   Работа 14: Монтаж стеновых конструкций | За период: 1000000.00
   Работа 15: Разработка котлована | За период: 100000.00
   Работа 16: Асфальтирование территории | За период: 600000.00
   Работа 17: Разработка котлована | За период: 100000.00
   Работа 18: Асфальтирование территории | За период: 600000.00
Сжатие КС-3: удалено 114 строк (49–162), итоги у строки 49.
Блок подписей на следующей странице (18 работ, разрыв перед строкой 54).
✓ Заполнено 'Итого' в строке 50: 8700000.00
✓ Заполнено 'Сумма НДС' в строке 51: 261000.00
✓ Заполнено 'Всего с учетом НДС' в строке 52: 8961000.00
PDF сохранён: /app/media/output/tmpv4dc8zol.pdf
Заполнено работ: 18
/app/acts/utils/ks3_gen.py changed, reloading.
Watching for file changes with StatReloader
/app/acts/utils/ks3_gen.py changed, reloading.
Watching for file changes with StatReloader
/app/acts/utils/ks3_gen.py changed, reloading.
Watching for file changes with StatReloader
/app/acts/utils/ks3_gen.py changed, reloading.
Watching for file changes with StatReloader
/app/acts/utils/ks3_gen.py changed, reloading.
Watching for file changes with StatReloader
/app/acts/utils/ks3_gen.py changed, reloading.
Watching for file changes with StatReloader
/app/acts/utils/ks3_gen.py changed, reloading.
Watching for file changes with StatReloader
/app/acts/utils/ks3_gen.py changed, reloading.
Watching for file changes with StatReloader
/app/acts/utils/ks3_gen.py changed, reloading.
Watching for file changes with StatReloader
/app/acts/utils/ks3_gen.py changed, reloading.
Watching for file changes with StatReloader
📥 Генерация pdf для акта 1
   Работа 1: Заливка фундамента | За период: 300000.00
   Работа 2: Монтаж стеновых конструкций | За период: 1000000.00
   Работа 3: Разработка котлована | За период: 100000.00
   Работа 4: Асфальтирование территории | За период: 600000.00
   Работа 5: Заливка фундамента | За период: 300000.00
   Работа 6: Монтаж стеновых конструкций | За период: 1000000.00
   Работа 7: Разработка котлована | За период: 100000.00
   Работа 8: Асфальтирование территории | За период: 600000.00
   Работа 9: Заливка фундамента | За период: 300000.00
   Работа 10: Монтаж стеновых конструкций | За период: 1000000.00
   Работа 11: Разработка котлована | За период: 100000.00
   Работа 12: Асфальтирование территории | За период: 600000.00
   Работа 13: Заливка фундамента | За период: 300000.00
   Работа 14: Монтаж стеновых конструкций | За период: 1000000.00
   Работа 15: Разработка котлована | За период: 100000.00
   Работа 16: Асфальтирование территории | За период: 600000.00
   Работа 17: Разработка котлована | За период: 100000.00
   Работа 18: Асфальтирование территории | За период: 600000.00
Сжатие КС-3: удалено 114 строк (49–162), итоги у строки 49.
Блок подписей на следующей странице (18 работ, разрыв перед строкой 54).
✓ Заполнено 'Итого' в строке 50: 8700000.00
✓ Заполнено 'Сумма НДС' в строке 51: 261000.00
✓ Заполнено 'Всего с учетом НДС' в строке 52: 8961000.00
PDF сохранён: /app/media/output/tmp7uldfc_y.pdf
Заполнено работ: 18
/app/acts/utils/ks3_gen.py changed, reloading.
Watching for file changes with StatReloader
/app/acts/utils/ks3_gen.py changed, reloading.
Watching for file changes with StatReloader
/app/acts/utils/ks3_gen.py changed, reloading.
Watching for file changes with StatReloader
/app/acts/utils/ks3_gen.py changed, reloading.
Watching for file changes with StatReloader
/app/acts/utils/ks3_gen.py changed, reloading.
Watching for file changes with StatReloader
📥 Генерация pdf для акта 1
   Работа 1: Заливка фундамента | За период: 300000.00
   Работа 2: Монтаж стеновых конструкций | За период: 1000000.00
   Работа 3: Разработка котлована | За период: 100000.00
   Работа 4: Асфальтирование территории | За период: 600000.00
   Работа 5: Заливка фундамента | За период: 300000.00
   Работа 6: Монтаж стеновых конструкций | За период: 1000000.00
   Работа 7: Разработка котлована | За период: 100000.00
   Работа 8: Асфальтирование территории | За период: 600000.00
   Работа 9: Заливка фундамента | За период: 300000.00
   Работа 10: Монтаж стеновых конструкций | За период: 1000000.00
   Работа 11: Разработка котлована | За период: 100000.00
   Работа 12: Асфальтирование территории | За период: 600000.00
   Работа 13: Заливка фундамента | За период: 300000.00
   Работа 14: Монтаж стеновых конструкций | За период: 1000000.00
   Работа 15: Разработка котлована | За период: 100000.00
   Работа 16: Асфальтирование территории | За период: 600000.00
   Работа 17: Разработка котлована | За период: 100000.00
   Работа 18: Асфальтирование территории | За период: 600000.00
Сжатие КС-3: удалено 114 строк (49–162), итоги у строки 49.
Блок подписей на следующей странице (18 работ, разрыв перед строкой 54).
✓ Заполнено 'Итого' в строке 50: 8700000.00
✓ Заполнено 'Сумма НДС' в строке 51: 261000.00
✓ Заполнено 'Всего с учетом НДС' в строке 52: 8961000.00
PDF сохранён: /app/media/output/tmpua1orr_a.pdf
Заполнено работ: 18
📥 Генерация xlsx для акта 1
   Работа 1: Заливка фундамента | За период: 300000.00
   Работа 2: Монтаж стеновых конструкций | За период: 1000000.00
   Работа 3: Разработка котлована | За период: 100000.00
   Работа 4: Асфальтирование территории | За период: 600000.00
   Работа 5: Заливка фундамента | За период: 300000.00
   Работа 6: Монтаж стеновых конструкций | За период: 1000000.00
   Работа 7: Разработка котлована | За период: 100000.00
   Работа 8: Асфальтирование территории | За период: 600000.00
   Работа 9: Заливка фундамента | За период: 300000.00
   Работа 10: Монтаж стеновых конструкций | За период: 1000000.00
   Работа 11: Разработка котлована | За период: 100000.00
   Работа 12: Асфальтирование территории | За период: 600000.00
   Работа 13: Заливка фундамента | За период: 300000.00
   Работа 14: Монтаж стеновых конструкций | За период: 1000000.00
   Работа 15: Разработка котлована | За период: 100000.00
   Работа 16: Асфальтирование территории | За период: 600000.00
   Работа 17: Разработка котлована | За период: 100000.00
   Работа 18: Асфальтирование территории | За период: 600000.00
Сжатие КС-3: удалено 114 строк (49–162), итоги у строки 49.
Блок подписей на следующей странице (18 работ, разрыв перед строкой 54).
✓ Заполнено 'Итого' в строке 50: 8700000.00
✓ Заполнено 'Сумма НДС' в строке 51: 261000.00
✓ Заполнено 'Всего с учетом НДС' в строке 52: 8961000.00
XLSX сохранён: /app/media/output/tmpbdv8roed.xlsx
Заполнено работ: 18
/app/acts/utils/ks3_gen.py changed, reloading.
Watching for file changes with StatReloader
📥 Генерация pdf для акта 1
   Работа 1: Заливка фундамента | За период: 300000.00
   Работа 2: Монтаж стеновых конструкций | За период: 1000000.00
   Работа 3: Разработка котлована | За период: 100000.00
   Работа 4: Асфальтирование территории | За период: 600000.00
   Работа 5: Заливка фундамента | За период: 300000.00
   Работа 6: Монтаж стеновых конструкций | За период: 1000000.00
   Работа 7: Разработка котлована | За период: 100000.00
   Работа 8: Асфальтирование территории | За период: 600000.00
   Работа 9: Заливка фундамента | За период: 300000.00
   Работа 10: Монтаж стеновых конструкций | За период: 1000000.00
   Работа 11: Разработка котлована | За период: 100000.00
   Работа 12: Асфальтирование территории | За период: 600000.00
   Работа 13: Заливка фундамента | За период: 300000.00
   Работа 14: Монтаж стеновых конструкций | За период: 1000000.00
   Работа 15: Разработка котлована | За период: 100000.00
   Работа 16: Асфальтирование территории | За период: 600000.00
   Работа 17: Разработка котлована | За период: 100000.00
   Работа 18: Асфальтирование территории | За период: 600000.00
Сжатие КС-3: удалено 115 строк (49–163), итоги у строки 49.
Блок подписей на следующей странице (18 работ, разрыв перед строкой 53).
✓ Заполнено 'Итого' в строке 49: 8700000.00
✓ Заполнено 'Сумма НДС' в строке 50: 261000.00
✓ Заполнено 'Всего с учетом НДС' в строке 51: 8961000.00
PDF сохранён: /app/media/output/tmp8xnhivtj.pdf
Заполнено работ: 18
📥 Генерация pdf для акта 6
   Работа 1: Заливка фундамента | Кол-во: 3000.000 | Цена: 100.00
   Работа 2: Монтаж стеновых конструкций | Кол-во: 10000.000 | Цена: 100.00
   Работа 3: Разработка котлована | Кол-во: 1000.000 | Цена: 100.00
   Работа 4: Асфальтирование территории | Кол-во: 6000.000 | Цена: 100.00
   Работа 5: Заливка фундамента | Кол-во: 3000.000 | Цена: 100.00
   Работа 6: Монтаж стеновых конструкций | Кол-во: 10000.000 | Цена: 100.00
   Работа 7: Разработка котлована | Кол-во: 1000.000 | Цена: 100.00
   Работа 8: Асфальтирование территории | Кол-во: 6000.000 | Цена: 100.00
   Работа 9: Заливка фундамента | Кол-во: 3000.000 | Цена: 100.00
   Работа 10: Монтаж стеновых конструкций | Кол-во: 10000.000 | Цена: 100.00
   Работа 11: Разработка котлована | Кол-во: 1000.000 | Цена: 100.00
   Работа 12: Асфальтирование территории | Кол-во: 6000.000 | Цена: 100.00
   Работа 13: Заливка фундамента | Кол-во: 3000.000 | Цена: 100.00
   Работа 14: Монтаж стеновых конструкций | Кол-во: 10000.000 | Цена: 100.00
   Работа 15: Разработка котлована | Кол-во: 1000.000 | Цена: 100.00
   Работа 16: Асфальтирование территории | Кол-во: 6000.000 | Цена: 100.00
   Работа 17: Разработка котлована | Кол-во: 1000.000 | Цена: 100.00
   Работа 18: Асфальтирование территории | Кол-во: 6000.000 | Цена: 100.00
Сжатие листа: удалено 107 строк (57–163), итоги сдвинуты к строке 57.
Страница 1: заполнено Итого в строке 38, сумма=3300000.0
Страница 2: заполнено Итого в строке 57, сумма=5400000.0
Найдено 'Всего с учётом НДС' в строке 60
Найдено 'Сумма НДС' в строке 59
Найдено 'Всего по акту' в строке 58
✓ Заполнено 'Всего по акту': 8700000.0
✓ Заполнено 'Сумма НДС': 435000.0
✓ Заполнено 'Всего с учётом НДС': 9135000.0
PDF сохранён: /app/media/output/tmp6lxp6ah9.pdf
Заполнено работ: 18
